15:48:05 **** Build of configuration Debug for project Greedy_test_v3 ****
make all 
Building file: ../src/nvme/host_lld.c
Invoking: ARM gcc compiler
arm-xilinx-eabi-gcc -Wall -O0 -g3 -c -fmessage-length=0 -MT"src/nvme/host_lld.o" -I../../Greedy_test_v3_bsp/ps7_cortexa9_0/include -MMD -MP -MF"src/nvme/host_lld.d" -MT"src/nvme/host_lld.d" -o "src/nvme/host_lld.o" "../src/nvme/host_lld.c"
Finished building: ../src/nvme/host_lld.c
 
Building file: ../src/nvme/nvme_admin_cmd.c
Invoking: ARM gcc compiler
arm-xilinx-eabi-gcc -Wall -O0 -g3 -c -fmessage-length=0 -MT"src/nvme/nvme_admin_cmd.o" -I../../Greedy_test_v3_bsp/ps7_cortexa9_0/include -MMD -MP -MF"src/nvme/nvme_admin_cmd.d" -MT"src/nvme/nvme_admin_cmd.d" -o "src/nvme/nvme_admin_cmd.o" "../src/nvme/nvme_admin_cmd.c"
Finished building: ../src/nvme/nvme_admin_cmd.c
 
Building file: ../src/nvme/nvme_identify.c
Invoking: ARM gcc compiler
arm-xilinx-eabi-gcc -Wall -O0 -g3 -c -fmessage-length=0 -MT"src/nvme/nvme_identify.o" -I../../Greedy_test_v3_bsp/ps7_cortexa9_0/include -MMD -MP -MF"src/nvme/nvme_identify.d" -MT"src/nvme/nvme_identify.d" -o "src/nvme/nvme_identify.o" "../src/nvme/nvme_identify.c"
Finished building: ../src/nvme/nvme_identify.c
 
Building file: ../src/nvme/nvme_io_cmd.c
Invoking: ARM gcc compiler
arm-xilinx-eabi-gcc -Wall -O0 -g3 -c -fmessage-length=0 -MT"src/nvme/nvme_io_cmd.o" -I../../Greedy_test_v3_bsp/ps7_cortexa9_0/include -MMD -MP -MF"src/nvme/nvme_io_cmd.d" -MT"src/nvme/nvme_io_cmd.d" -o "src/nvme/nvme_io_cmd.o" "../src/nvme/nvme_io_cmd.c"
Finished building: ../src/nvme/nvme_io_cmd.c
 
Building file: ../src/nvme/nvme_main.c
Invoking: ARM gcc compiler
arm-xilinx-eabi-gcc -Wall -O0 -g3 -c -fmessage-length=0 -MT"src/nvme/nvme_main.o" -I../../Greedy_test_v3_bsp/ps7_cortexa9_0/include -MMD -MP -MF"src/nvme/nvme_main.d" -MT"src/nvme/nvme_main.d" -o "src/nvme/nvme_main.o" "../src/nvme/nvme_main.c"
Finished building: ../src/nvme/nvme_main.c
 
Building file: ../src/address_translation.c
Invoking: ARM gcc compiler
arm-xilinx-eabi-gcc -Wall -O0 -g3 -c -fmessage-length=0 -MT"src/address_translation.o" -I../../Greedy_test_v3_bsp/ps7_cortexa9_0/include -MMD -MP -MF"src/address_translation.d" -MT"src/address_translation.d" -o "src/address_translation.o" "../src/address_translation.c"
Finished building: ../src/address_translation.c
 
Building file: ../src/data_buffer.c
Invoking: ARM gcc compiler
arm-xilinx-eabi-gcc -Wall -O0 -g3 -c -fmessage-length=0 -MT"src/data_buffer.o" -I../../Greedy_test_v3_bsp/ps7_cortexa9_0/include -MMD -MP -MF"src/data_buffer.d" -MT"src/data_buffer.d" -o "src/data_buffer.o" "../src/data_buffer.c"
Finished building: ../src/data_buffer.c
 
Building file: ../src/ftl_config.c
Invoking: ARM gcc compiler
arm-xilinx-eabi-gcc -Wall -O0 -g3 -c -fmessage-length=0 -MT"src/ftl_config.o" -I../../Greedy_test_v3_bsp/ps7_cortexa9_0/include -MMD -MP -MF"src/ftl_config.d" -MT"src/ftl_config.d" -o "src/ftl_config.o" "../src/ftl_config.c"
Finished building: ../src/ftl_config.c
 
Building file: ../src/garbage_collection.c
Invoking: ARM gcc compiler
arm-xilinx-eabi-gcc -Wall -O0 -g3 -c -fmessage-length=0 -MT"src/garbage_collection.o" -I../../Greedy_test_v3_bsp/ps7_cortexa9_0/include -MMD -MP -MF"src/garbage_collection.d" -MT"src/garbage_collection.d" -o "src/garbage_collection.o" "../src/garbage_collection.c"
Finished building: ../src/garbage_collection.c
 
Building file: ../src/main.c
Invoking: ARM gcc compiler
arm-xilinx-eabi-gcc -Wall -O0 -g3 -c -fmessage-length=0 -MT"src/main.o" -I../../Greedy_test_v3_bsp/ps7_cortexa9_0/include -MMD -MP -MF"src/main.d" -MT"src/main.d" -o "src/main.o" "../src/main.c"
../src/main.c: In function 'main':
../src/main.c:119:5: warning: unused variable 'Value' [-Wunused-variable]
  u8 Value,diff;
     ^
Finished building: ../src/main.c
 
Building file: ../src/nsc_driver.c
Invoking: ARM gcc compiler
arm-xilinx-eabi-gcc -Wall -O0 -g3 -c -fmessage-length=0 -MT"src/nsc_driver.o" -I../../Greedy_test_v3_bsp/ps7_cortexa9_0/include -MMD -MP -MF"src/nsc_driver.d" -MT"src/nsc_driver.d" -o "src/nsc_driver.o" "../src/nsc_driver.c"
Finished building: ../src/nsc_driver.c
 
Building file: ../src/request_allocation.c
Invoking: ARM gcc compiler
arm-xilinx-eabi-gcc -Wall -O0 -g3 -c -fmessage-length=0 -MT"src/request_allocation.o" -I../../Greedy_test_v3_bsp/ps7_cortexa9_0/include -MMD -MP -MF"src/request_allocation.d" -MT"src/request_allocation.d" -o "src/request_allocation.o" "../src/request_allocation.c"
Finished building: ../src/request_allocation.c
 
Building file: ../src/request_schedule.c
Invoking: ARM gcc compiler
arm-xilinx-eabi-gcc -Wall -O0 -g3 -c -fmessage-length=0 -MT"src/request_schedule.o" -I../../Greedy_test_v3_bsp/ps7_cortexa9_0/include -MMD -MP -MF"src/request_schedule.d" -MT"src/request_schedule.d" -o "src/request_schedule.o" "../src/request_schedule.c"
Finished building: ../src/request_schedule.c
 
Building file: ../src/request_transform.c
Invoking: ARM gcc compiler
arm-xilinx-eabi-gcc -Wall -O0 -g3 -c -fmessage-length=0 -MT"src/request_transform.o" -I../../Greedy_test_v3_bsp/ps7_cortexa9_0/include -MMD -MP -MF"src/request_transform.d" -MT"src/request_transform.d" -o "src/request_transform.o" "../src/request_transform.c"
Finished building: ../src/request_transform.c
 
Building target: Greedy_test_v3.elf
Invoking: ARM gcc linker
arm-xilinx-eabi-gcc -Wl,-T -Wl,../src/lscript.ld -L../../Greedy_test_v3_bsp/ps7_cortexa9_0/lib -o "Greedy_test_v3.elf"  ./src/nvme/host_lld.o ./src/nvme/nvme_admin_cmd.o ./src/nvme/nvme_identify.o ./src/nvme/nvme_io_cmd.o ./src/nvme/nvme_main.o  ./src/address_translation.o ./src/data_buffer.o ./src/ftl_config.o ./src/garbage_collection.o ./src/main.o ./src/nsc_driver.o ./src/request_allocation.o ./src/request_schedule.o ./src/request_transform.o   -Wl,--start-group,-lxil,-lgcc,-lc,--end-group
Finished building target: Greedy_test_v3.elf
 
Invoking: ARM Print Size
arm-xilinx-eabi-size Greedy_test_v3.elf  |tee "Greedy_test_v3.elf.size"
   text	   data	    bss	    dec	    hex	filename
 146316	   3160	83910912	84060388	502a8e4	Greedy_test_v3.elf
Finished building: Greedy_test_v3.elf.size
 

15:48:06 Build Finished (took 1s.164ms)

