21:52:03 **** Auto Build of configuration Release for project GreedyFTL_3.0.0_acc ****
make all 
Building file: ../src/nvme/host_lld.c
Invoking: ARM gcc compiler
arm-xilinx-eabi-gcc -Wall -O2 -c -fmessage-length=0 -MT"src/nvme/host_lld.o" -I../../GreedyFTL_3.0.0_acc_bsp/ps7_cortexa9_0/include -MMD -MP -MF"src/nvme/host_lld.d" -MT"src/nvme/host_lld.d" -o "src/nvme/host_lld.o" "../src/nvme/host_lld.c"
Finished building: ../src/nvme/host_lld.c
 
Building file: ../src/nvme/nvme_admin_cmd.c
Invoking: ARM gcc compiler
arm-xilinx-eabi-gcc -Wall -O2 -c -fmessage-length=0 -MT"src/nvme/nvme_admin_cmd.o" -I../../GreedyFTL_3.0.0_acc_bsp/ps7_cortexa9_0/include -MMD -MP -MF"src/nvme/nvme_admin_cmd.d" -MT"src/nvme/nvme_admin_cmd.d" -o "src/nvme/nvme_admin_cmd.o" "../src/nvme/nvme_admin_cmd.c"
Finished building: ../src/nvme/nvme_admin_cmd.c
 
Building file: ../src/nvme/nvme_identify.c
Invoking: ARM gcc compiler
arm-xilinx-eabi-gcc -Wall -O2 -c -fmessage-length=0 -MT"src/nvme/nvme_identify.o" -I../../GreedyFTL_3.0.0_acc_bsp/ps7_cortexa9_0/include -MMD -MP -MF"src/nvme/nvme_identify.d" -MT"src/nvme/nvme_identify.d" -o "src/nvme/nvme_identify.o" "../src/nvme/nvme_identify.c"
Finished building: ../src/nvme/nvme_identify.c
 
Building file: ../src/nvme/nvme_io_cmd.c
Invoking: ARM gcc compiler
arm-xilinx-eabi-gcc -Wall -O2 -c -fmessage-length=0 -MT"src/nvme/nvme_io_cmd.o" -I../../GreedyFTL_3.0.0_acc_bsp/ps7_cortexa9_0/include -MMD -MP -MF"src/nvme/nvme_io_cmd.d" -MT"src/nvme/nvme_io_cmd.d" -o "src/nvme/nvme_io_cmd.o" "../src/nvme/nvme_io_cmd.c"
Finished building: ../src/nvme/nvme_io_cmd.c
 
Building file: ../src/nvme/nvme_main.c
Invoking: ARM gcc compiler
arm-xilinx-eabi-gcc -Wall -O2 -c -fmessage-length=0 -MT"src/nvme/nvme_main.o" -I../../GreedyFTL_3.0.0_acc_bsp/ps7_cortexa9_0/include -MMD -MP -MF"src/nvme/nvme_main.d" -MT"src/nvme/nvme_main.d" -o "src/nvme/nvme_main.o" "../src/nvme/nvme_main.c"
Finished building: ../src/nvme/nvme_main.c
 
Building file: ../src/dma/xaxidma.c
Invoking: ARM gcc compiler
arm-xilinx-eabi-gcc -Wall -O2 -c -fmessage-length=0 -MT"src/dma/xaxidma.o" -I../../GreedyFTL_3.0.0_acc_bsp/ps7_cortexa9_0/include -MMD -MP -MF"src/dma/xaxidma.d" -MT"src/dma/xaxidma.d" -o "src/dma/xaxidma.o" "../src/dma/xaxidma.c"
In file included from ../src/dma/xaxidma.h:470:0,
                 from ../src/dma/xaxidma.c:83:
../src/dma/xaxidma.c: In function 'XAxiDma_Reset':
../src/dma/xaxidma_bdring.h:238:26: warning: assignment makes pointer from integer without a cast
    (RingPtr)->BdaRestart =      \
                          ^
../src/dma/xaxidma.c:313:3: note: in expansion of macro 'XAxiDma_BdRingSnapShotCurrBd'
   XAxiDma_BdRingSnapShotCurrBd(TxRingPtr);
   ^
../src/dma/xaxidma_bdring.h:243:27: warning: assignment makes pointer from integer without a cast
     (RingPtr)->BdaRestart =     \
                           ^
../src/dma/xaxidma.c:313:3: note: in expansion of macro 'XAxiDma_BdRingSnapShotCurrBd'
   XAxiDma_BdRingSnapShotCurrBd(TxRingPtr);
   ^
../src/dma/xaxidma_bdring.h:248:27: warning: assignment makes pointer from integer without a cast
     (RingPtr)->BdaRestart =     \
                           ^
../src/dma/xaxidma.c:313:3: note: in expansion of macro 'XAxiDma_BdRingSnapShotCurrBd'
   XAxiDma_BdRingSnapShotCurrBd(TxRingPtr);
   ^
../src/dma/xaxidma_bdring.h:238:26: warning: assignment makes pointer from integer without a cast
    (RingPtr)->BdaRestart =      \
                          ^
../src/dma/xaxidma.c:319:4: note: in expansion of macro 'XAxiDma_BdRingSnapShotCurrBd'
    XAxiDma_BdRingSnapShotCurrBd(RxRingPtr);
    ^
../src/dma/xaxidma_bdring.h:243:27: warning: assignment makes pointer from integer without a cast
     (RingPtr)->BdaRestart =     \
                           ^
../src/dma/xaxidma.c:319:4: note: in expansion of macro 'XAxiDma_BdRingSnapShotCurrBd'
    XAxiDma_BdRingSnapShotCurrBd(RxRingPtr);
    ^
../src/dma/xaxidma_bdring.h:248:27: warning: assignment makes pointer from integer without a cast
     (RingPtr)->BdaRestart =     \
                           ^
../src/dma/xaxidma.c:319:4: note: in expansion of macro 'XAxiDma_BdRingSnapShotCurrBd'
    XAxiDma_BdRingSnapShotCurrBd(RxRingPtr);
    ^
Finished building: ../src/dma/xaxidma.c
 
Building file: ../src/dma/xaxidma_bd.c
Invoking: ARM gcc compiler
arm-xilinx-eabi-gcc -Wall -O2 -c -fmessage-length=0 -MT"src/dma/xaxidma_bd.o" -I../../GreedyFTL_3.0.0_acc_bsp/ps7_cortexa9_0/include -MMD -MP -MF"src/dma/xaxidma_bd.d" -MT"src/dma/xaxidma_bd.d" -o "src/dma/xaxidma_bd.o" "../src/dma/xaxidma_bd.c"
Finished building: ../src/dma/xaxidma_bd.c
 
Building file: ../src/dma/xaxidma_bdring.c
Invoking: ARM gcc compiler
arm-xilinx-eabi-gcc -Wall -O2 -c -fmessage-length=0 -MT"src/dma/xaxidma_bdring.o" -I../../GreedyFTL_3.0.0_acc_bsp/ps7_cortexa9_0/include -MMD -MP -MF"src/dma/xaxidma_bdring.d" -MT"src/dma/xaxidma_bdring.d" -o "src/dma/xaxidma_bdring.o" "../src/dma/xaxidma_bdring.c"
Finished building: ../src/dma/xaxidma_bdring.c
 
Building file: ../src/dma/xaxidma_g.c
Invoking: ARM gcc compiler
arm-xilinx-eabi-gcc -Wall -O2 -c -fmessage-length=0 -MT"src/dma/xaxidma_g.o" -I../../GreedyFTL_3.0.0_acc_bsp/ps7_cortexa9_0/include -MMD -MP -MF"src/dma/xaxidma_g.d" -MT"src/dma/xaxidma_g.d" -o "src/dma/xaxidma_g.o" "../src/dma/xaxidma_g.c"
Finished building: ../src/dma/xaxidma_g.c
 
Building file: ../src/dma/xaxidma_selftest.c
Invoking: ARM gcc compiler
arm-xilinx-eabi-gcc -Wall -O2 -c -fmessage-length=0 -MT"src/dma/xaxidma_selftest.o" -I../../GreedyFTL_3.0.0_acc_bsp/ps7_cortexa9_0/include -MMD -MP -MF"src/dma/xaxidma_selftest.d" -MT"src/dma/xaxidma_selftest.d" -o "src/dma/xaxidma_selftest.o" "../src/dma/xaxidma_selftest.c"
Finished building: ../src/dma/xaxidma_selftest.c
 
Building file: ../src/dma/xaxidma_sinit.c
Invoking: ARM gcc compiler
arm-xilinx-eabi-gcc -Wall -O2 -c -fmessage-length=0 -MT"src/dma/xaxidma_sinit.o" -I../../GreedyFTL_3.0.0_acc_bsp/ps7_cortexa9_0/include -MMD -MP -MF"src/dma/xaxidma_sinit.d" -MT"src/dma/xaxidma_sinit.d" -o "src/dma/xaxidma_sinit.o" "../src/dma/xaxidma_sinit.c"
Finished building: ../src/dma/xaxidma_sinit.c
 
Building file: ../src/address_translation.c
Invoking: ARM gcc compiler
arm-xilinx-eabi-gcc -Wall -O2 -c -fmessage-length=0 -MT"src/address_translation.o" -I../../GreedyFTL_3.0.0_acc_bsp/ps7_cortexa9_0/include -MMD -MP -MF"src/address_translation.d" -MT"src/address_translation.d" -o "src/address_translation.o" "../src/address_translation.c"
../src/address_translation.c: In function 'FindBadBlock':
../src/address_translation.c:300:16: warning: 'blockChecker$' may be used uninitialized in this function [-Wmaybe-uninitialized]
  unsigned char blockChecker[USER_DIES];
                ^
Finished building: ../src/address_translation.c
 
Building file: ../src/data_buffer.c
Invoking: ARM gcc compiler
arm-xilinx-eabi-gcc -Wall -O2 -c -fmessage-length=0 -MT"src/data_buffer.o" -I../../GreedyFTL_3.0.0_acc_bsp/ps7_cortexa9_0/include -MMD -MP -MF"src/data_buffer.d" -MT"src/data_buffer.d" -o "src/data_buffer.o" "../src/data_buffer.c"
Finished building: ../src/data_buffer.c
 
Building file: ../src/ftl_config.c
Invoking: ARM gcc compiler
arm-xilinx-eabi-gcc -Wall -O2 -c -fmessage-length=0 -MT"src/ftl_config.o" -I../../GreedyFTL_3.0.0_acc_bsp/ps7_cortexa9_0/include -MMD -MP -MF"src/ftl_config.d" -MT"src/ftl_config.d" -o "src/ftl_config.o" "../src/ftl_config.c"
Finished building: ../src/ftl_config.c
 
Building file: ../src/garbage_collection.c
Invoking: ARM gcc compiler
arm-xilinx-eabi-gcc -Wall -O2 -c -fmessage-length=0 -MT"src/garbage_collection.o" -I../../GreedyFTL_3.0.0_acc_bsp/ps7_cortexa9_0/include -MMD -MP -MF"src/garbage_collection.d" -MT"src/garbage_collection.d" -o "src/garbage_collection.o" "../src/garbage_collection.c"
Finished building: ../src/garbage_collection.c
 
Building file: ../src/main.c
Invoking: ARM gcc compiler
arm-xilinx-eabi-gcc -Wall -O2 -c -fmessage-length=0 -MT"src/main.o" -I../../GreedyFTL_3.0.0_acc_bsp/ps7_cortexa9_0/include -MMD -MP -MF"src/main.d" -MT"src/main.d" -o "src/main.o" "../src/main.c"
Finished building: ../src/main.c
 
Building file: ../src/nsc_driver.c
Invoking: ARM gcc compiler
arm-xilinx-eabi-gcc -Wall -O2 -c -fmessage-length=0 -MT"src/nsc_driver.o" -I../../GreedyFTL_3.0.0_acc_bsp/ps7_cortexa9_0/include -MMD -MP -MF"src/nsc_driver.d" -MT"src/nsc_driver.d" -o "src/nsc_driver.o" "../src/nsc_driver.c"
Finished building: ../src/nsc_driver.c
 
Building file: ../src/request_allocation.c
Invoking: ARM gcc compiler
arm-xilinx-eabi-gcc -Wall -O2 -c -fmessage-length=0 -MT"src/request_allocation.o" -I../../GreedyFTL_3.0.0_acc_bsp/ps7_cortexa9_0/include -MMD -MP -MF"src/request_allocation.d" -MT"src/request_allocation.d" -o "src/request_allocation.o" "../src/request_allocation.c"
Finished building: ../src/request_allocation.c
 
Building file: ../src/request_schedule.c
Invoking: ARM gcc compiler
arm-xilinx-eabi-gcc -Wall -O2 -c -fmessage-length=0 -MT"src/request_schedule.o" -I../../GreedyFTL_3.0.0_acc_bsp/ps7_cortexa9_0/include -MMD -MP -MF"src/request_schedule.d" -MT"src/request_schedule.d" -o "src/request_schedule.o" "../src/request_schedule.c"
Finished building: ../src/request_schedule.c
 
Building file: ../src/request_transform.c
Invoking: ARM gcc compiler
arm-xilinx-eabi-gcc -Wall -O2 -c -fmessage-length=0 -MT"src/request_transform.o" -I../../GreedyFTL_3.0.0_acc_bsp/ps7_cortexa9_0/include -MMD -MP -MF"src/request_transform.d" -MT"src/request_transform.d" -o "src/request_transform.o" "../src/request_transform.c"
Finished building: ../src/request_transform.c
 
Building target: GreedyFTL_3.0.0_acc.elf
Invoking: ARM gcc linker
arm-xilinx-eabi-gcc -Wl,-T -Wl,../src/lscript.ld -L../../GreedyFTL_3.0.0_acc_bsp/ps7_cortexa9_0/lib -o "GreedyFTL_3.0.0_acc.elf"  ./src/nvme/host_lld.o ./src/nvme/nvme_admin_cmd.o ./src/nvme/nvme_identify.o ./src/nvme/nvme_io_cmd.o ./src/nvme/nvme_main.o  ./src/dma/xaxidma.o ./src/dma/xaxidma_bd.o ./src/dma/xaxidma_bdring.o ./src/dma/xaxidma_g.o ./src/dma/xaxidma_selftest.o ./src/dma/xaxidma_sinit.o  ./src/address_translation.o ./src/data_buffer.o ./src/ftl_config.o ./src/garbage_collection.o ./src/main.o ./src/nsc_driver.o ./src/request_allocation.o ./src/request_schedule.o ./src/request_transform.o   -Wl,--start-group,-lxil,-lgcc,-lc,--end-group
Finished building target: GreedyFTL_3.0.0_acc.elf
 
Invoking: ARM Print Size
arm-xilinx-eabi-size GreedyFTL_3.0.0_acc.elf  |tee "GreedyFTL_3.0.0_acc.elf.size"
   text	   data	    bss	    dec	    hex	filename
  95656	   3160	83910908	84009724	501e2fc	GreedyFTL_3.0.0_acc.elf
Finished building: GreedyFTL_3.0.0_acc.elf.size
 

21:52:05 Build Finished (took 2s.15ms)

